Archive member included because of file (symbol)

c:/program files (x86)/atmel/atmel toolchain/avr8 gcc/native/3.4.1061/avr8-gnu-toolchain/bin/../lib/gcc/avr/4.8.1/avrxmega2\libgcc.a(_udivmodhi4.o)
                              src/ASF/xmega/drivers/usb/usb_device.o (__udivmodhi4)
c:/program files (x86)/atmel/atmel toolchain/avr8 gcc/native/3.4.1061/avr8-gnu-toolchain/bin/../lib/gcc/avr/4.8.1/avrxmega2\libgcc.a(_exit.o)
                              c:/program files (x86)/atmel/atmel toolchain/avr8 gcc/native/3.4.1061/avr8-gnu-toolchain/bin/../lib/gcc/avr/4.8.1/../../../../avr/lib/avrxmega2/crtx32a4u.o (exit)
c:/program files (x86)/atmel/atmel toolchain/avr8 gcc/native/3.4.1061/avr8-gnu-toolchain/bin/../lib/gcc/avr/4.8.1/avrxmega2\libgcc.a(_tablejump.o)
                              src/ASF/xmega/drivers/usb/usb_device.o (__tablejump2__)
c:/program files (x86)/atmel/atmel toolchain/avr8 gcc/native/3.4.1061/avr8-gnu-toolchain/bin/../lib/gcc/avr/4.8.1/avrxmega2\libgcc.a(_copy_data.o)
                              src/ASF/common/services/usb/class/hid/device/generic/udi_hid_generic.o (__do_copy_data)
c:/program files (x86)/atmel/atmel toolchain/avr8 gcc/native/3.4.1061/avr8-gnu-toolchain/bin/../lib/gcc/avr/4.8.1/avrxmega2\libgcc.a(_clear_bss.o)
                              src/ASF/common/services/usb/class/hid/device/generic/udi_hid_generic.o (__do_clear_bss)
c:/program files (x86)/atmel/atmel toolchain/avr8 gcc/native/3.4.1061/avr8-gnu-toolchain/bin/../lib/gcc/avr/4.8.1/../../../../avr/lib/avrxmega2\libc.a(memcpy.o)
                              src/ASF/xmega/drivers/usb/usb_device.o (memcpy)

Allocating common symbols
Common symbol       size              file

udd_g_ctrlreq       0x10              src/ASF/xmega/drivers/usb/usb_device.o
sleepmgr_locks      0x6               src/ASF/common/services/sleepmgr/xmega/sleepmgr.o
report              0x2               src/main.o

Discarded input sections

 .data          0x00000000        0x0 c:/program files (x86)/atmel/atmel toolchain/avr8 gcc/native/3.4.1061/avr8-gnu-toolchain/bin/../lib/gcc/avr/4.8.1/../../../../avr/lib/avrxmega2/crtx32a4u.o
 .bss           0x00000000        0x0 c:/program files (x86)/atmel/atmel toolchain/avr8 gcc/native/3.4.1061/avr8-gnu-toolchain/bin/../lib/gcc/avr/4.8.1/../../../../avr/lib/avrxmega2/crtx32a4u.o
 .group         0x00000000        0x8 src/ASF/common/services/ioport/xmega/ioport_compat.o
 .group         0x00000000        0x8 src/ASF/common/services/ioport/xmega/ioport_compat.o
 .group         0x00000000        0x8 src/ASF/common/services/ioport/xmega/ioport_compat.o
 .group         0x00000000        0x8 src/ASF/common/services/ioport/xmega/ioport_compat.o
 .group         0x00000000        0x8 src/ASF/common/services/ioport/xmega/ioport_compat.o
 .group         0x00000000        0x8 src/ASF/common/services/ioport/xmega/ioport_compat.o
 .group         0x00000000        0x8 src/ASF/common/services/ioport/xmega/ioport_compat.o
 .group         0x00000000        0x8 src/ASF/common/services/ioport/xmega/ioport_compat.o
 .group         0x00000000        0x8 src/ASF/common/services/ioport/xmega/ioport_compat.o
 .group         0x00000000        0x8 src/ASF/common/services/ioport/xmega/ioport_compat.o
 .group         0x00000000        0x8 src/ASF/common/services/ioport/xmega/ioport_compat.o
 .group         0x00000000        0x8 src/ASF/common/services/ioport/xmega/ioport_compat.o
 .group         0x00000000        0x8 src/ASF/common/services/ioport/xmega/ioport_compat.o
 .group         0x00000000        0x8 src/ASF/common/services/ioport/xmega/ioport_compat.o
 .group         0x00000000        0x8 src/ASF/common/services/ioport/xmega/ioport_compat.o
 .group         0x00000000        0x8 src/ASF/common/services/ioport/xmega/ioport_compat.o
 .group         0x00000000        0x8 src/ASF/common/services/ioport/xmega/ioport_compat.o
 .group         0x00000000        0x8 src/ASF/common/services/ioport/xmega/ioport_compat.o
 .group         0x00000000        0x8 src/ASF/common/services/ioport/xmega/ioport_compat.o
 .group         0x00000000        0x8 src/ASF/common/services/ioport/xmega/ioport_compat.o
 .group         0x00000000        0x8 src/ASF/common/services/ioport/xmega/ioport_compat.o
 .group         0x00000000        0x8 src/ASF/common/services/ioport/xmega/ioport_compat.o
 .group         0x00000000        0x8 src/ASF/common/services/ioport/xmega/ioport_compat.o
 .group         0x00000000        0x8 src/ASF/common/services/ioport/xmega/ioport_compat.o
 .group         0x00000000        0x8 src/ASF/common/services/ioport/xmega/ioport_compat.o
 .group         0x00000000        0x8 src/ASF/common/services/ioport/xmega/ioport_compat.o
 .group         0x00000000        0x8 src/ASF/common/services/ioport/xmega/ioport_compat.o
 .group         0x00000000        0x8 src/ASF/common/services/ioport/xmega/ioport_compat.o
 .group         0x00000000        0x8 src/ASF/common/services/ioport/xmega/ioport_compat.o
[...]
Memory Configuration

Name             Origin             Length             Attributes
text             0x00000000         0x00100000         xr
data             0x00802000         0x0000ffa0         rw !x
eeprom           0x00810000         0x00010000         rw !x
fuse             0x00820000         0x00000400         rw !x
lock             0x00830000         0x00000400         rw !x
signature        0x00840000         0x00000400         rw !x
user_signatures  0x00850000         0x00000400         rw !x
*default*        0x00000000         0xffffffff

Linker script and memory map

LOAD c:/program files (x86)/atmel/atmel toolchain/avr8 gcc/native/3.4.1061/avr8-gnu-toolchain/bin/../lib/gcc/avr/4.8.1/../../../../avr/lib/avrxmega2/crtx32a4u.o
LOAD src/ASF/common/services/ioport/xmega/ioport_compat.o
LOAD src/ASF/common/services/usb/class/hid/device/generic/udi_hid_generic.o
LOAD src/ASF/common/services/usb/udc/udc.o
LOAD src/ASF/xmega/drivers/usb/usb_device.o
LOAD src/ASF/common/services/usb/class/hid/device/generic/udi_hid_generic_desc.o
LOAD src/ASF/common/services/usb/class/hid/device/udi_hid.o
LOAD src/ASF/common/services/sleepmgr/xmega/sleepmgr.o
LOAD src/ASF/common/services/clock/xmega/sysclk.o
LOAD src/ASF/xmega/drivers/nvm/nvm.o
LOAD src/ASF/xmega/drivers/nvm/nvm_asm.o
LOAD src/ASF/xmega/drivers/cpu/ccp.o
LOAD src/ASF/common/boards/user_board/init.o
LOAD src/main.o
START GROUP
LOAD c:/program files (x86)/atmel/atmel toolchain/avr8 gcc/native/3.4.1061/avr8-gnu-toolchain/bin/../lib/gcc/avr/4.8.1/../../../../avr/lib/avrxmega2\libm.a
END GROUP
START GROUP
LOAD c:/program files (x86)/atmel/atmel toolchain/avr8 gcc/native/3.4.1061/avr8-gnu-toolchain/bin/../lib/gcc/avr/4.8.1/avrxmega2\libgcc.a
LOAD c:/program files (x86)/atmel/atmel toolchain/avr8 gcc/native/3.4.1061/avr8-gnu-toolchain/bin/../lib/gcc/avr/4.8.1/../../../../avr/lib/avrxmega2\libm.a
LOAD c:/program files (x86)/atmel/atmel toolchain/avr8 gcc/native/3.4.1061/avr8-gnu-toolchain/bin/../lib/gcc/avr/4.8.1/../../../../avr/lib/avrxmega2\libc.a
END GROUP

.hash
 *(.hash)

.dynsym
 *(.dynsym)

.dynstr
 *(.dynstr)

.gnu.version
 *(.gnu.version)

.gnu.version_d
 *(.gnu.version_d)

.gnu.version_r
 *(.gnu.version_r)

.rel.init
 *(.rel.init)

.rela.init
 *(.rela.init)

.rel.text
 *(.rel.text)
 *(.rel.text.*)
 *(.rel.gnu.linkonce.t*)

.rela.text
 *(.rela.text)
 *(.rela.text.*)
 *(.rela.gnu.linkonce.t*)

.rel.fini
 *(.rel.fini)

.rela.fini
 *(.rela.fini)

.rel.rodata
 *(.rel.rodata)
 *(.rel.rodata.*)
 *(.rel.gnu.linkonce.r*)

.rela.rodata
 *(.rela.rodata)
 *(.rela.rodata.*)
 *(.rela.gnu.linkonce.r*)

.rel.data
 *(.rel.data)
 *(.rel.data.*)
 *(.rel.gnu.linkonce.d*)

.rela.data
 *(.rela.data)
 *(.rela.data.*)
 *(.rela.gnu.linkonce.d*)

.rel.ctors
 *(.rel.ctors)

.rela.ctors
 *(.rela.ctors)

.rel.dtors
 *(.rel.dtors)

.rela.dtors
 *(.rela.dtors)

.rel.got
 *(.rel.got)

.rela.got
 *(.rela.got)

.rel.bss
 *(.rel.bss)

.rela.bss
 *(.rela.bss)

.rel.plt
 *(.rel.plt)

.rela.plt
 *(.rela.plt)

.text           0x00000000     0x1c2e
 *(.vectors)
 .vectors       0x00000000      0x1fc c:/program files (x86)/atmel/atmel toolchain/avr8 gcc/native/3.4.1061/avr8-gnu-toolchain/bin/../lib/gcc/avr/4.8.1/../../../../avr/lib/avrxmega2/crtx32a4u.o
                0x00000000                __vector_default
                0x00000000                __vectors
 *(.vectors)
 *(.progmem.gcc*)
 .progmem.gcc_sw_table.udd_ep_get_size
                0x000001fc        0xe src/ASF/xmega/drivers/usb/usb_device.o
                0x0000020a                . = ALIGN (0x2)
                0x0000020a                __trampolines_start = .
 *(.trampolines)
 .trampolines   0x0000020a        0x0 linker stubs
 *(.trampolines*)
                0x0000020a                __trampolines_end = .
 *(.progmem*)
                0x0000020a                . = ALIGN (0x2)
 *(.jumptables)
 *(.jumptables*)
 *(.lowtext)
 *(.lowtext*)
                0x0000020a                __ctors_start = .
 *(.ctors)
                0x0000020a                __ctors_end = .
                0x0000020a                __dtors_start = .
 *(.dtors)
                0x0000020a                __dtors_end = .
 SORT(*)(.ctors)
 SORT(*)(.dtors)
 *(.init0)
 .init0         0x0000020a        0x0 c:/program files (x86)/atmel/atmel toolchain/avr8 gcc/native/3.4.1061/avr8-gnu-toolchain/bin/../lib/gcc/avr/4.8.1/../../../../avr/lib/avrxmega2/crtx32a4u.o
                0x0000020a                __init
 *(.init0)
 *(.init1)
 *(.init1)
 *(.init2)
 .init2         0x0000020a        0xc c:/program files (x86)/atmel/atmel toolchain/avr8 gcc/native/3.4.1061/avr8-gnu-toolchain/bin/../lib/gcc/avr/4.8.1/../../../../avr/lib/avrxmega2/crtx32a4u.o
 *(.init2)
 *(.init3)
 *(.init3)
 *(.init4)
 .init4         0x00000216       0x16 c:/program files (x86)/atmel/atmel toolchain/avr8 gcc/native/3.4.1061/avr8-gnu-toolchain/bin/../lib/gcc/avr/4.8.1/avrxmega2\libgcc.a(_copy_data.o)
                0x00000216                __do_copy_data
 .init4         0x0000022c       0x10 c:/program files (x86)/atmel/atmel toolchain/avr8 gcc/native/3.4.1061/avr8-gnu-toolchain/bin/../lib/gcc/avr/4.8.1/avrxmega2\libgcc.a(_clear_bss.o)
                0x0000022c                __do_clear_bss
 *(.init4)
 *(.init5)
 *(.init5)
 *(.init6)
 *(.init6)
 *(.init7)
 *(.init7)
 *(.init8)
 *(.init8)
 *(.init9)
 .init9         0x0000023c        0x8 c:/program files (x86)/atmel/atmel toolchain/avr8 gcc/native/3.4.1061/avr8-gnu-toolchain/bin/../lib/gcc/avr/4.8.1/../../../../avr/lib/avrxmega2/crtx32a4u.o
 *(.init9)
 *(.text)
 .text          0x00000244        0x2 c:/program files (x86)/atmel/atmel toolchain/avr8 gcc/native/3.4.1061/avr8-gnu-toolchain/bin/../lib/gcc/avr/4.8.1/../../../../avr/lib/avrxmega2/crtx32a4u.o
                0x00000244                __vector_38
                0x00000244                __vector_104
                0x00000244                __vector_22
                0x00000244                __vector_63
                0x00000244                __vector_28
                0x00000244                __vector_67
                0x00000244                __vector_1
                0x00000244                __vector_119
                0x00000244                __vector_32
                0x00000244                __vector_75
                0x00000244                __vector_71
                0x00000244                __vector_91
                0x00000244                __vector_34
                0x00000244                __vector_62
                0x00000244                __vector_77
                0x00000244                __vector_102
                0x00000244                __vector_24
                0x00000244                __vector_12
                0x00000244                __vector_55
                0x00000244                __vector_69
                0x00000244                __vector_81
                0x00000244                __vector_90
                0x00000244                __vector_46
                0x00000244                __bad_interrupt
                0x00000244                __vector_122
                0x00000244                __vector_72
                0x00000244                __vector_114
                0x00000244                __vector_6
                0x00000244                __vector_110
                0x00000244                __vector_31
                0x00000244                __vector_92
                0x00000244                __vector_35
                0x00000244                __vector_78
                0x00000244                __vector_74
                0x00000244                __vector_117
                0x00000244                __vector_39
                0x00000244                __vector_107
                0x00000244                __vector_3
                0x00000244                __vector_105
                0x00000244                __vector_98
                0x00000244                __vector_23
                0x00000244                __vector_68
                0x00000244                __vector_30
                0x00000244                __vector_73
                0x00000244                __vector_45
                0x00000244                __vector_25
                0x00000244                __vector_93
                0x00000244                __vector_61
                0x00000244                __vector_11
                0x00000244                __vector_54
                0x00000244                __vector_99
                0x00000244                __vector_13
                0x00000244                __vector_17
                0x00000244                __vector_19
                0x00000244                __vector_56
                0x00000244                __vector_7
                0x00000244                __vector_49
                0x00000244                __vector_123
                0x00000244                __vector_41
                0x00000244                __vector_86
                0x00000244                __vector_100
                0x00000244                __vector_101
                0x00000244                __vector_64
                0x00000244                __vector_88
                0x00000244                __vector_109
                0x00000244                __vector_43
                0x00000244                __vector_27
                0x00000244                __vector_5
                0x00000244                __vector_113
                0x00000244                __vector_33
                0x00000244                __vector_76
                0x00000244                __vector_115
                0x00000244                __vector_47
                0x00000244                __vector_52
                0x00000244                __vector_37
                0x00000244                __vector_95
                0x00000244                __vector_103
                0x00000244                __vector_96
                0x00000244                __vector_89
                0x00000244                __vector_108
                0x00000244                __vector_4
                0x00000244                __vector_44
                0x00000244                __vector_82
                0x00000244                __vector_106
                0x00000244                __vector_118
                0x00000244                __vector_51
                0x00000244                __vector_9
                0x00000244                __vector_2
                0x00000244                __vector_21
                0x00000244                __vector_15
                0x00000244                __vector_66
                0x00000244                __vector_36
                0x00000244                __vector_79
                0x00000244                __vector_58
                0x00000244                __vector_70
                0x00000244                __vector_83
                0x00000244                __vector_29
                0x00000244                __vector_60
                0x00000244                __vector_121
                0x00000244                __vector_40
                0x00000244                __vector_85
                0x00000244                __vector_94
                0x00000244                __vector_8
                0x00000244                __vector_26
                0x00000244                __vector_48
                0x00000244                __vector_124
                0x00000244                __vector_116
                0x00000244                __vector_112
                0x00000244                __vector_111
                0x00000244                __vector_80
                0x00000244                __vector_14
                0x00000244                __vector_84
                0x00000244                __vector_57
                0x00000244                __vector_53
                0x00000244                __vector_10
                0x00000244                __vector_50
                0x00000244                __vector_16
                0x00000244                __vector_59
                0x00000244                __vector_18
                0x00000244                __vector_97
                0x00000244                __vector_20
                0x00000244                __vector_42
                0x00000244                __vector_87
                0x00000244                __vector_65
                0x00000244                __vector_120
                0x00000246                . = ALIGN (0x2)
 *(.text.*)
 .text.udi_hid_generic_getsetting
                0x00000246        0x4 src/ASF/common/services/usb/class/hid/device/generic/udi_hid_generic.o
                0x00000246                udi_hid_generic_getsetting
 .text.udi_hid_generic_setreport
                0x0000024a       0x54 src/ASF/common/services/usb/class/hid/device/generic/udi_hid_generic.o
 .text.udi_hid_generic_report_in_sent
                0x0000029e        0x8 src/ASF/common/services/usb/class/hid/device/generic/udi_hid_generic.o
 .text.udi_hid_generic_report_out_enable
                0x000002a6       0x1e src/ASF/common/services/usb/class/hid/device/generic/udi_hid_generic.o
 .text.udi_hid_generic_enable
                0x000002c4       0x18 src/ASF/common/services/usb/class/hid/device/generic/udi_hid_generic.o
                0x000002c4                udi_hid_generic_enable
 .text.udi_hid_generic_report_out_received
                0x000002dc       0x14 src/ASF/common/services/usb/class/hid/device/generic/udi_hid_generic.o
 .text.udi_hid_generic_disable
                0x000002f0        0x6 src/ASF/common/services/usb/class/hid/device/generic/udi_hid_generic.o
                0x000002f0                udi_hid_generic_disable
 .text.udi_hid_generic_setup
                0x000002f6       0x16 src/ASF/common/services/usb/class/hid/device/generic/udi_hid_generic.o
                0x000002f6                udi_hid_generic_setup
 .text.udi_hid_generic_setfeature_valid
                0x0000030c       0x16 src/ASF/common/services/usb/class/hid/device/generic/udi_hid_generic.o
 .text.udi_hid_generic_send_report_in
                0x00000322       0x60 src/ASF/common/services/usb/class/hid/device/generic/udi_hid_generic.o
                0x00000322                udi_hid_generic_send_report_in
 .text.udc_next_desc_in_iface
                0x00000382       0x6a src/ASF/common/services/usb/udc/udc.o
 .text.udc_valid_address
                0x000003ec        0xa src/ASF/common/services/usb/udc/udc.o
 .text.udc_update_iface_desc
                0x000003f6       0x74 src/ASF/common/services/usb/udc/udc.o
 .text.udc_iface_disable
                0x0000046a       0x82 src/ASF/common/services/usb/udc/udc.o
 .text.udc_iface_enable
                0x000004ec       0x64 src/ASF/common/services/usb/udc/udc.o
 .text.udc_get_interface_desc
                0x00000550        0xa src/ASF/common/services/usb/udc/udc.o
                0x00000550                udc_get_interface_desc
 .text.udc_start
                0x0000055a        0x4 src/ASF/common/services/usb/udc/udc.o
                0x0000055a                udc_start
 .text.udc_reset
                0x0000055e       0x4a src/ASF/common/services/usb/udc/udc.o
                0x0000055e                udc_reset
 .text.udc_sof_notify
                0x000005a8       0x5e src/ASF/common/services/usb/udc/udc.o
                0x000005a8                udc_sof_notify
 .text.udc_process_setup
                0x00000606      0x57a src/ASF/common/services/usb/udc/udc.o
                0x00000606                udc_process_setup
 .text.udd_sleep_mode
                0x00000b80       0x3e src/ASF/xmega/drivers/usb/usb_device.o
 .text.udd_ctrl_init
                0x00000bbe       0x56 src/ASF/xmega/drivers/usb/usb_device.o
 .text.udd_ctrl_stall_data
                0x00000c14       0x1c src/ASF/xmega/drivers/usb/usb_device.o
 .text.udd_ctrl_send_zlp_in
                0x00000c30       0x1c src/ASF/xmega/drivers/usb/usb_device.o
 .text.udd_ctrl_endofrequest
                0x00000c4c       0x10 src/ASF/xmega/drivers/usb/usb_device.o
 .text.udd_ctrl_in_sent
                0x00000c5c       0xdc src/ASF/xmega/drivers/usb/usb_device.o
 .text.udd_ep_get_size
                0x00000d38       0x48 src/ASF/xmega/drivers/usb/usb_device.o
 .text.udd_ep_get_job
                0x00000d80       0x36 src/ASF/xmega/drivers/usb/usb_device.o
 .text.udd_ctrl_interrupt_tc_setup
                0x00000db6       0xde src/ASF/xmega/drivers/usb/usb_device.o
 .text.udd_ep_trans_complet
                0x00000e94      0x21c src/ASF/xmega/drivers/usb/usb_device.o
 .text.udd_attach
                0x000010b0       0x46 src/ASF/xmega/drivers/usb/usb_device.o
                0x000010b0                udd_attach
 .text.udd_enable
                0x000010f6       0xc6 src/ASF/xmega/drivers/usb/usb_device.o
                0x000010f6                udd_enable
 .text.udd_set_address
                0x000011bc        0x6 src/ASF/xmega/drivers/usb/usb_device.o
                0x000011bc                udd_set_address
 .text.udd_getaddress
                0x000011c2        0x6 src/ASF/xmega/drivers/usb/usb_device.o
                0x000011c2                udd_getaddress
 .text.udd_set_setup_payload
                0x000011c8       0x12 src/ASF/xmega/drivers/usb/usb_device.o
                0x000011c8                udd_set_setup_payload
 .text.udd_ep_alloc
                0x000011da       0xc2 src/ASF/xmega/drivers/usb/usb_device.o
                0x000011da                udd_ep_alloc
 .text.udd_ep_is_halted
                0x0000129c       0x36 src/ASF/xmega/drivers/usb/usb_device.o
                0x0000129c                udd_ep_is_halted
 .text.udd_ep_clear_halt
                0x000012d2       0x54 src/ASF/xmega/drivers/usb/usb_device.o
                0x000012d2                udd_ep_clear_halt
 .text.udd_ep_run
                0x00001326      0x10e src/ASF/xmega/drivers/usb/usb_device.o
                0x00001326                udd_ep_run
 .text.udd_ep_abort
                0x00001434       0x72 src/ASF/xmega/drivers/usb/usb_device.o
                0x00001434                udd_ep_abort
 .text.udd_ep_free
                0x000014a6       0x3a src/ASF/xmega/drivers/usb/usb_device.o
                0x000014a6                udd_ep_free
 .text.udd_ep_set_halt
                0x000014e0       0x42 src/ASF/xmega/drivers/usb/usb_device.o
                0x000014e0                udd_ep_set_halt
 .text.__vector_125
                0x00001522      0x162 src/ASF/xmega/drivers/usb/usb_device.o
                0x00001522                __vector_125
 .text.__vector_126
                0x00001684      0x1d0 src/ASF/xmega/drivers/usb/usb_device.o
                0x00001684                __vector_126
 .text.udi_hid_setup
                0x00001854      0x12e src/ASF/common/services/usb/class/hid/device/udi_hid.o
                0x00001854                udi_hid_setup
 .text.sysclk_init
                0x00001982       0xc4 src/ASF/common/services/clock/xmega/sysclk.o
                0x00001982                sysclk_init
 .text.sysclk_enable_module
                0x00001a46       0x18 src/ASF/common/services/clock/xmega/sysclk.o
                0x00001a46                sysclk_enable_module
 .text.sysclk_enable_usb
                0x00001a5e       0x6c src/ASF/common/services/clock/xmega/sysclk.o
                0x00001a5e                sysclk_enable_usb
 .text.nvm_read_byte
                0x00001aca       0x14 src/ASF/xmega/drivers/nvm/nvm_asm.o
                0x00001aca                nvm_read_byte
 .text.ccp_write_io
                0x00001ade        0xc src/ASF/xmega/drivers/cpu/ccp.o
                0x00001ade                ccp_write_io
 .text.board_init
                0x00001aea        0x2 src/ASF/common/boards/user_board/init.o
                0x00001aea                board_init
 .text.main     0x00001aec       0xe6 src/main.o
                0x00001aec                main
 .text.my_callback_generic_enable
                0x00001bd2        0x8 src/main.o
                0x00001bd2                my_callback_generic_enable
 .text.my_callback_generic_disable
                0x00001bda        0x6 src/main.o
                0x00001bda                my_callback_generic_disable
 .text.my_callback_generic_report_out
                0x00001be0        0x2 src/main.o
                0x00001be0                my_callback_generic_report_out
 .text.my_callback_generic_set_feature
                0x00001be2        0x2 src/main.o
                0x00001be2                my_callback_generic_set_feature
 .text.libgcc.div
                0x00001be4       0x28 c:/program files (x86)/atmel/atmel toolchain/avr8 gcc/native/3.4.1061/avr8-gnu-toolchain/bin/../lib/gcc/avr/4.8.1/avrxmega2\libgcc.a(_udivmodhi4.o)
                0x00001be4                __udivmodhi4
 .text.libgcc   0x00001c0c        0xc c:/program files (x86)/atmel/atmel toolchain/avr8 gcc/native/3.4.1061/avr8-gnu-toolchain/bin/../lib/gcc/avr/4.8.1/avrxmega2\libgcc.a(_tablejump.o)
                0x00001c0c                __tablejump2__
                0x00001c10                __tablejump__
 .text.avr-libc
                0x00001c18       0x12 c:/program files (x86)/atmel/atmel toolchain/avr8 gcc/native/3.4.1061/avr8-gnu-toolchain/bin/../lib/gcc/avr/4.8.1/../../../../avr/lib/avrxmega2\libc.a(memcpy.o)
                0x00001c18                memcpy
                0x00001c2a                . = ALIGN (0x2)
 *(.fini9)
 .fini9         0x00001c2a        0x0 c:/program files (x86)/atmel/atmel toolchain/avr8 gcc/native/3.4.1061/avr8-gnu-toolchain/bin/../lib/gcc/avr/4.8.1/avrxmega2\libgcc.a(_exit.o)
                0x00001c2a                _exit
                0x00001c2a                exit
 *(.fini9)
 *(.fini8)
 *(.fini8)
 *(.fini7)
 *(.fini7)
 *(.fini6)
 *(.fini6)
 *(.fini5)
 *(.fini5)
 *(.fini4)
 *(.fini4)
 *(.fini3)
 *(.fini3)
 *(.fini2)
 *(.fini2)
 *(.fini1)
 *(.fini1)
 *(.fini0)
 .fini0         0x00001c2a        0x4 c:/program files (x86)/atmel/atmel toolchain/avr8 gcc/native/3.4.1061/avr8-gnu-toolchain/bin/../lib/gcc/avr/4.8.1/avrxmega2\libgcc.a(_exit.o)
 *(.fini0)
                0x00001c2e                _etext = .

.data           0x00802000       0xcc load address 0x00001c2e
                0x00802000                PROVIDE (__data_start, .)
 *(.data)
 *(.data*)
 .data.udi_hid_generic_report_desc
                0x00802000       0x30 src/ASF/common/services/usb/class/hid/device/generic/udi_hid_generic.o
                0x00802000                udi_hid_generic_report_desc
 .data.udi_api_hid_generic
                0x00802030        0xa src/ASF/common/services/usb/class/hid/device/generic/udi_hid_generic.o
                0x00802030                udi_api_hid_generic
 .data.udc_string_desc
                0x0080203a       0x20 src/ASF/common/services/usb/udc/udc.o
 .data.udc_string_product_name
                0x0080205a       0x10 src/ASF/common/services/usb/udc/udc.o
 .data.udc_string_manufacturer_name
                0x0080206a        0xd src/ASF/common/services/usb/udc/udc.o
 *fill*         0x00802077        0x1 
 .data.udc_string_desc_languageid
                0x00802078        0x4 src/ASF/common/services/usb/udc/udc.o
 .data.udc_config
                0x0080207c        0x6 src/ASF/common/services/usb/class/hid/device/generic/udi_hid_generic_desc.o
                0x0080207c                udc_config
 .data.udc_config_fshs
                0x00802082        0x4 src/ASF/common/services/usb/class/hid/device/generic/udi_hid_generic_desc.o
                0x00802082                udc_config_fshs
 .data.udi_apis
                0x00802086        0x2 src/ASF/common/services/usb/class/hid/device/generic/udi_hid_generic_desc.o
                0x00802086                udi_apis
 .data.udc_desc
                0x00802088       0x2a src/ASF/common/services/usb/class/hid/device/generic/udi_hid_generic_desc.o
                0x00802088                udc_desc
 .data.udc_device_desc
                0x008020b2       0x12 src/ASF/common/services/usb/class/hid/device/generic/udi_hid_generic_desc.o
                0x008020b2                udc_device_desc
 *(.rodata)
 *(.rodata*)
 .rodata.str1.1
                0x008020c4        0x8 src/ASF/common/services/usb/udc/udc.o
 *(.gnu.linkonce.d*)
                0x008020cc                . = ALIGN (0x2)
                0x008020cc                _edata = .
                0x008020cc                PROVIDE (__data_end, .)

.bss            0x008020cc       0xc2
                0x008020cc                PROVIDE (__bss_start, .)
 *(.bss)
 *(.bss*)
 .bss.udi_hid_generic_report_feature
                0x008020cc        0x4 src/ASF/common/services/usb/class/hid/device/generic/udi_hid_generic.o
 .bss.udi_hid_generic_report_out
                0x008020d0        0x0 src/ASF/common/services/usb/class/hid/device/generic/udi_hid_generic.o
 .bss.udi_hid_generic_report_in
                0x008020d0        0x6 src/ASF/common/services/usb/class/hid/device/generic/udi_hid_generic.o
 .bss.udi_hid_generic_b_report_in_free
                0x008020d6        0x1 src/ASF/common/services/usb/class/hid/device/generic/udi_hid_generic.o
 *fill*         0x008020d7        0x1 
 .bss.udi_hid_generic_protocol
                0x008020d8        0x2 src/ASF/common/services/usb/class/hid/device/generic/udi_hid_generic.o
 .bss.udi_hid_generic_rate
                0x008020da        0x2 src/ASF/common/services/usb/class/hid/device/generic/udi_hid_generic.o
 .bss.udc_ep_status.4529
                0x008020dc        0x2 src/ASF/common/services/usb/udc/udc.o
 .bss.udc_iface_setting.4589
                0x008020de        0x1 src/ASF/common/services/usb/udc/udc.o
 .bss.udc_ptr_iface
                0x008020df        0x2 src/ASF/common/services/usb/udc/udc.o
 .bss.udc_ptr_conf
                0x008020e1        0x2 src/ASF/common/services/usb/udc/udc.o
 .bss.udc_num_configuration
                0x008020e3        0x1 src/ASF/common/services/usb/udc/udc.o
 .bss.udc_device_status
                0x008020e4        0x2 src/ASF/common/services/usb/udc/udc.o
 .bss.b_shortpacket.5231
                0x008020e6        0x1 src/ASF/xmega/drivers/usb/usb_device.o
 .bss.udd_ep_out_cache_buffer
                0x008020e7       0x40 src/ASF/xmega/drivers/usb/usb_device.o
 .bss.udd_ep_job
                0x00802127       0x12 src/ASF/xmega/drivers/usb/usb_device.o
 .bss.udd_ctrl_buffer
                0x00802139        0x8 src/ASF/xmega/drivers/usb/usb_device.o
 .bss.udd_ctrl_payload_nb_trans
                0x00802141        0x2 src/ASF/xmega/drivers/usb/usb_device.o
 .bss.udd_ctrl_prev_payload_nb_trans
                0x00802143        0x2 src/ASF/xmega/drivers/usb/usb_device.o
 .bss.udd_ep_control_state
                0x00802145        0x1 src/ASF/xmega/drivers/usb/usb_device.o
 *fill*         0x00802146        0x2 
 .bss.udd_sram  0x00802148       0x2c src/ASF/xmega/drivers/usb/usb_device.o
 .bss.udd_b_idle
                0x00802174        0x1 src/ASF/xmega/drivers/usb/usb_device.o
 .bss.my_flag_autorize_generic_events
                0x00802175        0x1 src/main.o
 *(COMMON)
 COMMON         0x00802176       0x10 src/ASF/xmega/drivers/usb/usb_device.o
                0x00802176                udd_g_ctrlreq
 COMMON         0x00802186        0x6 src/ASF/common/services/sleepmgr/xmega/sleepmgr.o
                0x00802186                sleepmgr_locks
 COMMON         0x0080218c        0x2 src/main.o
                0x0080218c                report
                0x0080218e                PROVIDE (__bss_end, .)
                0x00001c2e                __data_load_start = LOADADDR (.data)
                0x00001cfa                __data_load_end = (__data_load_start + SIZEOF (.data))

.noinit         0x0080218e        0x0
                0x0080218e                PROVIDE (__noinit_start, .)
 *(.noinit*)
                0x0080218e                PROVIDE (__noinit_end, .)
                0x0080218e                _end = .
                0x0080218e                PROVIDE (__heap_start, .)

.eeprom         0x00810000        0x0
 *(.eeprom*)
                0x00810000                __eeprom_end = .

.fuse
 *(.fuse)
 *(.lfuse)
 *(.hfuse)
 *(.efuse)

.lock
 *(.lock*)

.signature
 *(.signature*)

.user_signatures
 *(.user_signatures*)

.stab
 *(.stab)

.stabstr
 *(.stabstr)

.stab.excl
 *(.stab.excl)

.stab.exclstr
 *(.stab.exclstr)

.stab.index
 *(.stab.index)

.stab.indexstr
 *(.stab.indexstr)

.comment        0x00000000       0x30
 *(.comment)
 .comment       0x00000000       0x30 src/ASF/common/services/usb/class/hid/device/generic/udi_hid_generic.o
                                 0x31 (size before relaxing)
 .comment       0x00000000       0x31 src/ASF/common/services/usb/udc/udc.o
 .comment       0x00000000       0x31 src/ASF/xmega/drivers/usb/usb_device.o
 .comment       0x00000000       0x31 src/ASF/common/services/usb/class/hid/device/generic/udi_hid_generic_desc.o
 .comment       0x00000000       0x31 src/ASF/common/services/usb/class/hid/device/udi_hid.o
 .comment       0x00000000       0x31 src/ASF/common/services/sleepmgr/xmega/sleepmgr.o
 .comment       0x00000000       0x31 src/ASF/common/services/clock/xmega/sysclk.o
 .comment       0x00000000       0x31 src/ASF/common/boards/user_board/init.o
 .comment       0x00000000       0x31 src/main.o

.note.gnu.build-id
 *(.note.gnu.build-id)

.debug
 *(.debug)

.line
 *(.line)

.debug_srcinfo
 *(.debug_srcinfo)

.debug_sfnames
 *(.debug_sfnames)

.debug_aranges  0x00000000      0x340
 *(.debug_aranges)
 .debug_aranges
                0x00000000       0x68 src/ASF/common/services/usb/class/hid/device/generic/udi_hid_generic.o
 .debug_aranges
                0x00000068       0x70 src/ASF/common/services/usb/udc/udc.o
 .debug_aranges
                0x000000d8      0x120 src/ASF/xmega/drivers/usb/usb_device.o
 .debug_aranges
                0x000001f8       0x18 src/ASF/common/services/usb/class/hid/device/generic/udi_hid_generic_desc.o
 .debug_aranges
                0x00000210       0x20 src/ASF/common/services/usb/class/hid/device/udi_hid.o
 .debug_aranges
                0x00000230       0x18 src/ASF/common/services/sleepmgr/xmega/sleepmgr.o
 .debug_aranges
                0x00000248       0x40 src/ASF/common/services/clock/xmega/sysclk.o
 .debug_aranges
                0x00000288       0x28 src/ASF/xmega/drivers/nvm/nvm_asm.o
 .debug_aranges
                0x000002b0       0x20 src/ASF/xmega/drivers/cpu/ccp.o
 .debug_aranges
                0x000002d0       0x20 src/ASF/common/boards/user_board/init.o
 .debug_aranges
                0x000002f0       0x50 src/main.o

.debug_pubnames
 *(.debug_pubnames)

.debug_info     0x00000000     0x5b08
 *(.debug_info .gnu.linkonce.wi.*)
 .debug_info    0x00000000      0x707 src/ASF/common/services/usb/class/hid/device/generic/udi_hid_generic.o
 .debug_info    0x00000707     0x1162 src/ASF/common/services/usb/udc/udc.o
 .debug_info    0x00001869     0x1df5 src/ASF/xmega/drivers/usb/usb_device.o
 .debug_info    0x0000365e      0x691 src/ASF/common/services/usb/class/hid/device/generic/udi_hid_generic_desc.o
 .debug_info    0x00003cef      0x416 src/ASF/common/services/usb/class/hid/device/udi_hid.o
 .debug_info    0x00004105      0x121 src/ASF/common/services/sleepmgr/xmega/sleepmgr.o
 .debug_info    0x00004226      0xda9 src/ASF/common/services/clock/xmega/sysclk.o
 .debug_info    0x00004fcf       0x97 src/ASF/xmega/drivers/nvm/nvm_asm.o
 .debug_info    0x00005066       0x97 src/ASF/xmega/drivers/cpu/ccp.o
 .debug_info    0x000050fd       0xff src/ASF/common/boards/user_board/init.o
 .debug_info    0x000051fc      0x90c src/main.o

.debug_abbrev   0x00000000     0x15f9
 *(.debug_abbrev)
 .debug_abbrev  0x00000000      0x345 src/ASF/common/services/usb/class/hid/device/generic/udi_hid_generic.o
 .debug_abbrev  0x00000345      0x3c0 src/ASF/common/services/usb/udc/udc.o
 .debug_abbrev  0x00000705      0x5b2 src/ASF/xmega/drivers/usb/usb_device.o
 .debug_abbrev  0x00000cb7       0xfe src/ASF/common/services/usb/class/hid/device/generic/udi_hid_generic_desc.o
 .debug_abbrev  0x00000db5      0x180 src/ASF/common/services/usb/class/hid/device/udi_hid.o
 .debug_abbrev  0x00000f35       0x80 src/ASF/common/services/sleepmgr/xmega/sleepmgr.o
 .debug_abbrev  0x00000fb5      0x2be src/ASF/common/services/clock/xmega/sysclk.o
 .debug_abbrev  0x00001273       0x12 src/ASF/xmega/drivers/nvm/nvm_asm.o
 .debug_abbrev  0x00001285       0x14 src/ASF/xmega/drivers/cpu/ccp.o
 .debug_abbrev  0x00001299       0x8b src/ASF/common/boards/user_board/init.o
 .debug_abbrev  0x00001324      0x2d5 src/main.o

.debug_line     0x00000000     0x50ef
 *(.debug_line .debug_line.* .debug_line_end)
 .debug_line    0x00000000      0x6ba src/ASF/common/services/usb/class/hid/device/generic/udi_hid_generic.o
 .debug_line    0x000006ba      0xaca src/ASF/common/services/usb/udc/udc.o
 .debug_line    0x00001184     0x14ad src/ASF/xmega/drivers/usb/usb_device.o
 .debug_line    0x00002631      0x4fe src/ASF/common/services/usb/class/hid/device/generic/udi_hid_generic_desc.o
 .debug_line    0x00002b2f      0x5f0 src/ASF/common/services/usb/class/hid/device/udi_hid.o
 .debug_line    0x0000311f      0x430 src/ASF/common/services/sleepmgr/xmega/sleepmgr.o
 .debug_line    0x0000354f      0x71c src/ASF/common/services/clock/xmega/sysclk.o
 .debug_line    0x00003c6b      0x11f src/ASF/xmega/drivers/nvm/nvm_asm.o
 .debug_line    0x00003d8a       0x6e src/ASF/xmega/drivers/cpu/ccp.o
 .debug_line    0x00003df8      0x8b1 src/ASF/common/boards/user_board/init.o
 .debug_line    0x000046a9      0xa46 src/main.o

.debug_frame    0x00000000      0x70c
 *(.debug_frame)
 .debug_frame   0x00000000       0xd0 src/ASF/common/services/usb/class/hid/device/generic/udi_hid_generic.o
 .debug_frame   0x000000d0      0x120 src/ASF/common/services/usb/udc/udc.o
 .debug_frame   0x000001f0      0x3d0 src/ASF/xmega/drivers/usb/usb_device.o
 .debug_frame   0x000005c0       0x30 src/ASF/common/services/usb/class/hid/device/udi_hid.o
 .debug_frame   0x000005f0       0x74 src/ASF/common/services/clock/xmega/sysclk.o
 .debug_frame   0x00000664       0x24 src/ASF/common/boards/user_board/init.o
 .debug_frame   0x00000688       0x84 src/main.o

.debug_str      0x00000000    0x2ced6
 *(.debug_str)
 .debug_str     0x00000000    0x25ab3 src/ASF/common/services/usb/class/hid/device/generic/udi_hid_generic.o
                              0x26136 (size before relaxing)
 .debug_str     0x00025ab3      0xb54 src/ASF/common/services/usb/udc/udc.o
                              0x26708 (size before relaxing)
 .debug_str     0x00026607     0x5244 src/ASF/xmega/drivers/usb/usb_device.o
                              0x2b168 (size before relaxing)
 .debug_str     0x0002b84b      0x166 src/ASF/common/services/usb/class/hid/device/generic/udi_hid_generic_desc.o
                              0x26069 (size before relaxing)
 .debug_str     0x0002b9b1      0x10c src/ASF/common/services/usb/class/hid/device/udi_hid.o
                              0x25f03 (size before relaxing)
 .debug_str     0x0002babd       0x35 src/ASF/common/services/sleepmgr/xmega/sleepmgr.o
                              0x2374f (size before relaxing)
 .debug_str     0x0002baf2      0x427 src/ASF/common/services/clock/xmega/sysclk.o
                              0x24e61 (size before relaxing)
 .debug_str     0x0002bf19      0xbf6 src/ASF/common/boards/user_board/init.o
                              0x27caa (size before relaxing)
 .debug_str     0x0002cb0f      0x3c7 src/main.o
                              0x283b0 (size before relaxing)

.debug_loc      0x00000000     0x1e17
 *(.debug_loc)
 .debug_loc     0x00000000      0x15e src/ASF/common/services/usb/class/hid/device/generic/udi_hid_generic.o
 .debug_loc     0x0000015e      0x528 src/ASF/common/services/usb/udc/udc.o
 .debug_loc     0x00000686      0xf67 src/ASF/xmega/drivers/usb/usb_device.o
 .debug_loc     0x000015ed      0x318 src/ASF/common/services/usb/class/hid/device/udi_hid.o
 .debug_loc     0x00001905      0x3c0 src/ASF/common/services/clock/xmega/sysclk.o
 .debug_loc     0x00001cc5      0x152 src/main.o

.debug_macinfo
 *(.debug_macinfo)

.debug_weaknames
 *(.debug_weaknames)

.debug_funcnames
 *(.debug_funcnames)

.debug_typenames
 *(.debug_typenames)

.debug_varnames
 *(.debug_varnames)

.debug_pubtypes
 *(.debug_pubtypes)

.debug_ranges   0x00000000      0x2d8
 *(.debug_ranges)
 .debug_ranges  0x00000000       0x58 src/ASF/common/services/usb/class/hid/device/generic/udi_hid_generic.o
 .debug_ranges  0x00000058       0xa8 src/ASF/common/services/usb/udc/udc.o
 .debug_ranges  0x00000100      0x128 src/ASF/xmega/drivers/usb/usb_device.o
 .debug_ranges  0x00000228       0x10 src/ASF/common/services/usb/class/hid/device/udi_hid.o
 .debug_ranges  0x00000238       0x30 src/ASF/common/services/clock/xmega/sysclk.o
 .debug_ranges  0x00000268       0x20 src/ASF/xmega/drivers/nvm/nvm_asm.o
 .debug_ranges  0x00000288       0x10 src/ASF/common/boards/user_board/init.o
 .debug_ranges  0x00000298       0x40 src/main.o

.debug_macro    0x00000000     0x288a
 *(.debug_macro)
 .debug_macro   0x00000000      0x21a src/ASF/common/services/usb/class/hid/device/generic/udi_hid_generic.o
 .debug_macro   0x0000021a       0x6e src/ASF/common/services/usb/class/hid/device/generic/udi_hid_generic.o
 .debug_macro   0x00000288       0x28 src/ASF/common/services/usb/class/hid/device/generic/udi_hid_generic.o
 .debug_macro   0x000002b0      0x241 src/ASF/common/services/usb/class/hid/device/generic/udi_hid_generic.o
 .debug_macro   0x000004f1      0x17e src/ASF/common/services/usb/class/hid/device/generic/udi_hid_generic.o
 .debug_macro   0x0000066f      0x44f src/ASF/common/services/usb/class/hid/device/generic/udi_hid_generic.o
 .debug_macro   0x00000abe       0x16 src/ASF/common/services/usb/class/hid/device/generic/udi_hid_generic.o
 .debug_macro   0x00000ad4       0x10 src/ASF/common/services/usb/class/hid/device/generic/udi_hid_generic.o
 .debug_macro   0x00000ae4       0x1c src/ASF/common/services/usb/class/hid/device/generic/udi_hid_generic.o
 .debug_macro   0x00000b00       0x16 src/ASF/common/services/usb/class/hid/device/generic/udi_hid_generic.o
 .debug_macro   0x00000b16      0x207 src/ASF/common/services/usb/udc/udc.o
 .debug_macro   0x00000d1d      0x2db src/ASF/xmega/drivers/usb/usb_device.o
 .debug_macro   0x00000ff8       0x46 src/ASF/xmega/drivers/usb/usb_device.o
 .debug_macro   0x0000103e      0x237 src/ASF/xmega/drivers/usb/usb_device.o
 .debug_macro   0x00001275       0x66 src/ASF/xmega/drivers/usb/usb_device.o
 .debug_macro   0x000012db       0x2f src/ASF/xmega/drivers/usb/usb_device.o
 .debug_macro   0x0000130a      0x154 src/ASF/xmega/drivers/usb/usb_device.o
 .debug_macro   0x0000145e       0x26 src/ASF/xmega/drivers/usb/usb_device.o
 .debug_macro   0x00001484      0x467 src/ASF/xmega/drivers/usb/usb_device.o
 .debug_macro   0x000018eb       0x10 src/ASF/xmega/drivers/usb/usb_device.o
 .debug_macro   0x000018fb       0x5e src/ASF/xmega/drivers/usb/usb_device.o
 .debug_macro   0x00001959      0x1fa src/ASF/common/services/usb/class/hid/device/generic/udi_hid_generic_desc.o
 .debug_macro   0x00001b53      0x202 src/ASF/common/services/usb/class/hid/device/udi_hid.o
 .debug_macro   0x00001d55      0x1a3 src/ASF/common/services/sleepmgr/xmega/sleepmgr.o
 .debug_macro   0x00001ef8      0x1e6 src/ASF/common/services/clock/xmega/sysclk.o
 .debug_macro   0x000020de      0x326 src/ASF/common/boards/user_board/init.o
 .debug_macro   0x00002404       0x34 src/ASF/common/boards/user_board/init.o
 .debug_macro   0x00002438       0x28 src/ASF/common/boards/user_board/init.o
 .debug_macro   0x00002460       0x22 src/ASF/common/boards/user_board/init.o
 .debug_macro   0x00002482       0x40 src/ASF/common/boards/user_board/init.o
 .debug_macro   0x000024c2       0x74 src/ASF/common/boards/user_board/init.o
 .debug_macro   0x00002536       0x22 src/ASF/common/boards/user_board/init.o
 .debug_macro   0x00002558      0x332 src/main.o
OUTPUT(SC_Generic_1.elf elf32-avr)
LOAD linker stubs
